bun : $ next build --turbopack
No C:\Users\ti\AppData\Local\Temp\ps-script-c929ff41-bf82-4d0b-b81a-12c83e797bba.ps1:84 caractere:34
+ Set-Location 'd:\Dev\portfolio'; bun run build 2>&1 | Tee-Object -Fil ...
+                                  ~~~~~~~~~~~~~~~~~~
    + CategoryInfo          : NotSpecified: ($ next build --turbopack:String) [], RemoteException
    + FullyQualifiedErrorId : NativeCommandError
 
   Ôû▓ Next.js 15.5.7 (Turbopack)
   - Environments: .env
   - Experiments (use with caution):
     ┬À serverActions
     ┬À optimizePackageImports

   Creating an optimized production build ...
 Ô£ô Finished writing to disk in 60ms
 Ô£ô Compiled successfully in 5.5s
   Linting and checking validity of types ...

./components/dashboard/client-gantt-view.tsx
152:7  Warning: Expected an assignment or function call and instead saw an expression.  @typescript-eslint/no-unused-expressions

info  - Need to disable some ESLint rules? Learn more here: https://nextjs.org/docs/app/api-reference/config/eslint#disabling-rules
   Collecting page data ...
   Generating static pages (0/14) ...
   Generating static pages (3/14) 
   Generating static pages (6/14) 
   Generating static pages (10/14) 
 Ô£ô Generating static pages (14/14)
   Finalizing page optimization ...
   Collecting build traces ...

Route (app)                             Size  First Load JS
Ôöî Ôùï /                                91.1 kB         208 kB
Ôö£ Ôùï /_not-found                          0 B         117 kB
Ôö£ ãÆ /api/payments/create-preference      0 B            0 B
Ôö£ ãÆ /api/payments/process                0 B            0 B
Ôö£ ãÆ /api/payments/verify                 0 B            0 B
Ôö£ ãÆ /api/payments/webhook                0 B            0 B
Ôö£ ãÆ /api/requests                        0 B            0 B
Ôö£ ãÆ /api/requests/[id]                   0 B            0 B
Ôö£ ãÆ /case-study/[slug]               68.7 kB         185 kB
Ôö£ Ôùï /dashboard                       51.8 kB         298 kB
Ôö£ Ôùï /dashboard/admin                  165 kB         411 kB
Ôö£ ãÆ /dashboard/admin/requests/[id]   17.9 kB         264 kB
Ôö£ Ôùï /dashboard/auth/callback           750 B         247 kB
Ôö£ Ôùï /dashboard/requests                242 B         246 kB
Ôöö ãÆ /dashboard/requests/[id]         8.93 kB         255 kB
+ First Load JS shared by all         147 kB
  Ôö£ chunks/18d7e1fa9e6ddfe7.js       17.2 kB
  Ôö£ chunks/1cdfad27f7f38b63.js         13 kB
  Ôö£ chunks/5f11500e67954124.js       59.2 kB
  Ôö£ chunks/7a3e44d634c8dc36.css      29.4 kB
  Ôöö other shared chunks (total)      28.1 kB


Ôùï  (Static)   prerendered as static content
ãÆ  (Dynamic)  server-rendered on demand

